******************************************************************************
                  TI ARM Linker Unix v18.1.1                   
******************************************************************************
>> Linked Wed Nov 28 18:53:19 2018

OUTPUT FILE NAME:   <adc_dma.out>
ENTRY POINT SYMBOL: "_c_int00_noargs"  address: 00000c3d


MEMORY CONFIGURATION

         name            origin    length      used     unused   attr    fill
----------------------  --------  ---------  --------  --------  ----  --------
  FLASH                 00000000   00040000  00000f88  0003f078  R  X
  SRAM                  20000000   00008000  00000878  00007788  RW X


SEGMENT ALLOCATION MAP

run origin  load origin   length   init length attrs members
----------  ----------- ---------- ----------- ----- -------
00000000    00000000    00000f88   00000f88    r-x
  00000000    00000000    0000026c   0000026c    r-- .intvecs
  0000026c    0000026c    00000b74   00000b74    r-x .text
  00000de0    00000de0    00000178   00000178    r-- .const
  00000f58    00000f58    00000030   00000030    r-- .cinit
20000000    20000000    0000087c   00000000    rw-
  20000000    20000000    0000065c   00000000    rw- .bss
  20000660    20000660    00000200   00000000    rw- .stack
  20000860    20000860    0000001c   00000000    rw- .data


SECTION ALLOCATION MAP

 output                                  attributes/
section   page    origin      length       input sections
--------  ----  ----------  ----------   ----------------
.intvecs   0    00000000    0000026c     
                  00000000    0000026c     startup_ccs.obj (.intvecs)

.text      0    0000026c    00000b74     
                  0000026c    0000012c     adc_dma.obj (.text:adc0_ss3_handler)
                  00000398    00000110     driverlib.lib : sysctl.obj (.text:SysCtlClockGet)
                  000004a8    000000f4                   : sysctl.obj (.text:SysCtlClockSet)
                  0000059c    000000a0     adc_dma.obj (.text:main)
                  0000063c    0000009c     rtsv7M4_T_le_v4SPD16_eabi.lib : memcpy_t2.asm.obj (.text)
                  000006d8    0000008c     adc_dma.obj (.text:Configure_DMA)
                  00000764    00000084     driverlib.lib : udma.obj (.text:uDMAChannelTransferSet)
                  000007e8    0000007a                   : adc.obj (.text:ADCSequenceStepConfigure)
                  00000862    0000007a     rtsv7M4_T_le_v4SPD16_eabi.lib : memset_t2.asm.obj (.text)
                  000008dc    00000068     driverlib.lib : interrupt.obj (.text:IntEnable)
                  00000944    00000068     rtsv7M4_T_le_v4SPD16_eabi.lib : copy_decompress_lzss.c.obj (.text:decompress:lzss:__TI_decompress_lzss)
                  000009ac    00000064     adc_dma.obj (.text:Configure_ADC)
                  00000a10    00000060     driverlib.lib : timer.obj (.text:TimerConfigure)
                  00000a70    00000058                   : timer.obj (.text:TimerControlTrigger)
                  00000ac8    00000050                   : adc.obj (.text:ADCSequenceConfigure)
                  00000b18    00000050     adc_dma.obj (.text:ConfigureTimer)
                  00000b68    00000048     driverlib.lib : udma.obj (.text:uDMAChannelAttributeDisable)
                  00000bb0    00000048                   : udma.obj (.text:uDMAChannelAttributeEnable)
                  00000bf8    00000044     rtsv7M4_T_le_v4SPD16_eabi.lib : autoinit.c.obj (.text:__TI_auto_init_nobinit_nopinit:__TI_auto_init_nobinit_nopinit)
                  00000c3c    00000038                                   : boot_cortex_m.c.obj (.text:_c_int00_noargs:_c_int00_noargs)
                  00000c74    00000034     driverlib.lib : sysctl.obj (.text:SysCtlPeripheralEnable)
                  00000ca8    00000028                   : udma.obj (.text:uDMAChannelModeGet)
                  00000cd0    00000024                   : interrupt.obj (.text:IntPrioritySet)
                  00000cf4    00000024                   : udma.obj (.text:uDMAChannelControlSet)
                  00000d18    00000018                   : udma.obj (.text:uDMAChannelEnable)
                  00000d30    00000012                   : timer.obj (.text:TimerLoadSet)
                  00000d42    00000010                   : interrupt.obj (.text:IntMasterEnable)
                  00000d52    00000002     startup_ccs.obj (.text:FaultISR)
                  00000d54    00000010     driverlib.lib : udma.obj (.text:uDMAEnable)
                  00000d64    0000000e                   : adc.obj (.text:ADCSequenceDisable)
                  00000d72    0000000e                   : adc.obj (.text:ADCSequenceEnable)
                  00000d80    0000000e                   : timer.obj (.text:TimerEnable)
                  00000d8e    0000000e     rtsv7M4_T_le_v4SPD16_eabi.lib : copy_decompress_none.c.obj (.text:decompress:none:__TI_decompress_none)
                  00000d9c    0000000c     driverlib.lib : cpu.obj (.text:CPUcpsie)
                  00000da8    0000000c     rtsv7M4_T_le_v4SPD16_eabi.lib : copy_zero_init.c.obj (.text:decompress:ZI:__TI_zero_init)
                  00000db4    0000000c     driverlib.lib : udma.obj (.text:uDMAControlBaseSet)
                  00000dc0    00000008                   : adc.obj (.text:ADCIntEnableEx)
                  00000dc8    00000006     startup_ccs.obj (.text:ResetISR)
                  00000dce    00000006     driverlib.lib : sysctl.obj (.text:SysCtlDelay)
                  00000dd4    00000004     rtsv7M4_T_le_v4SPD16_eabi.lib : pre_init.c.obj (.text:_system_pre_init)
                  00000dd8    00000004                                   : exit.c.obj (.text:abort:abort)
                  00000ddc    00000002     startup_ccs.obj (.text:IntDefaultHandler)
                  00000dde    00000002     startup_ccs.obj (.text:NmiSR)

.const     0    00000de0    00000178     
                  00000de0    0000009c     driverlib.lib : interrupt.obj (.const:g_pui32Regs)
                  00000e7c    00000070                   : interrupt.obj (.const)
                  00000eec    0000006c                   : sysctl.obj (.const:g_pui32Xtals)

.cinit     0    00000f58    00000030     
                  00000f58    0000000c     (.cinit..data.load) [load image, compression = lzss]
                  00000f64    0000000c     (__TI_handler_table)
                  00000f70    00000008     (.cinit..bss.load) [load image, compression = zero_init]
                  00000f78    00000010     (__TI_cinit_table)

.init_array 
*          0    00000000    00000000     UNINITIALIZED

.bss       0    20000000    0000065c     UNINITIALIZED
                  20000000    00000400     (.common:ControlTable)
                  20000400    000000c8     adc_dma.obj (.bss:buffer_1)
                  200004c8    000000c8     adc_dma.obj (.bss:buffer_2)
                  20000590    000000c8     adc_dma.obj (.bss:buffer_3)
                  20000658    00000004     (.common:ui32Period)

.data      0    20000860    0000001c     UNINITIALIZED
                  20000860    0000001c     adc_dma.obj (.data)

.stack     0    20000660    00000200     UNINITIALIZED
                  20000660    00000004     rtsv7M4_T_le_v4SPD16_eabi.lib : boot_cortex_m.c.obj (.stack)
                  20000664    000001fc     --HOLE--

MODULE SUMMARY

       Module                       code   ro data   rw data
       ------                       ----   -------   -------
    ./
       adc_dma.obj                  780    0         1656   
       startup_ccs.obj              12     620       0      
    +--+----------------------------+------+---------+---------+
       Total:                       792    620       1656   
                                                            
    /Applications/ti/ccsv8/tools/compiler/ti-cgt-arm_18.1.1.LTS/lib/rtsv7M4_T_le_v4SPD16_eabi.lib
       memcpy_t2.asm.obj            156    0         0      
       memset_t2.asm.obj            122    0         0      
       copy_decompress_lzss.c.obj   104    0         0      
       autoinit.c.obj               68     0         0      
       boot_cortex_m.c.obj          56     0         0      
       copy_decompress_none.c.obj   14     0         0      
       copy_zero_init.c.obj         12     0         0      
       exit.c.obj                   4      0         0      
       pre_init.c.obj               4      0         0      
    +--+----------------------------+------+---------+---------+
       Total:                       540    0         0      
                                                            
    /Users/rohan/ti/tivaware_c_series_2_1_4_178/driverlib/ccs/Debug/driverlib.lib
       sysctl.obj                   574    108       0      
       interrupt.obj                156    268       0      
       udma.obj                     404    0         0      
       adc.obj                      238    0         0      
       timer.obj                    216    0         0      
       cpu.obj                      12     0         0      
    +--+----------------------------+------+---------+---------+
       Total:                       1600   376       0      
                                                            
       Stack:                       0      0         512    
       Linker Generated:            0      48        0      
    +--+----------------------------+------+---------+---------+
       Grand Total:                 2932   1044      2168   


LINKER GENERATED COPY TABLES

__TI_cinit_table @ 00000f78 records: 2, size/record: 8, table size: 16
	.data: load addr=00000f58, load size=0000000c bytes, run addr=20000860, run size=0000001c bytes, compression=lzss
	.bss: load addr=00000f70, load size=00000008 bytes, run addr=20000000, run size=0000065c bytes, compression=zero_init


LINKER GENERATED HANDLER TABLE

__TI_handler_table @ 00000f64 records: 3, size/record: 4, table size: 12
	index: 0, handler: __TI_decompress_lzss
	index: 1, handler: __TI_decompress_none
	index: 2, handler: __TI_zero_init


GLOBAL SYMBOLS: SORTED ALPHABETICALLY BY Name 

address   name                          
-------   ----                          
00000dc1  ADCIntEnableEx                
00000ac9  ADCSequenceConfigure          
00000d65  ADCSequenceDisable            
00000d73  ADCSequenceEnable             
000007e9  ADCSequenceStepConfigure      
00000dd9  C$$EXIT                       
00000d9d  CPUcpsie                      
00000b19  ConfigureTimer                
000009ad  Configure_ADC                 
000006d9  Configure_DMA                 
20000000  ControlTable                  
000008dd  IntEnable                     
00000d43  IntMasterEnable               
00000cd1  IntPrioritySet                
00000dc9  ResetISR                      
00000399  SysCtlClockGet                
000004a9  SysCtlClockSet                
00000dcf  SysCtlDelay                   
00000c75  SysCtlPeripheralEnable        
00000a11  TimerConfigure                
00000a71  TimerControlTrigger           
00000d81  TimerEnable                   
00000d31  TimerLoadSet                  
20000860  __STACK_END                   
00000200  __STACK_SIZE                  
20000860  __STACK_TOP                   
00000f78  __TI_CINIT_Base               
00000f88  __TI_CINIT_Limit              
00000f64  __TI_Handler_Table_Base       
00000f70  __TI_Handler_Table_Limit      
00000bf9  __TI_auto_init_nobinit_nopinit
00000945  __TI_decompress_lzss          
00000d8f  __TI_decompress_none          
ffffffff  __TI_pprof_out_hndl           
ffffffff  __TI_prof_data_size           
ffffffff  __TI_prof_data_start          
00000000  __TI_static_base__            
00000da9  __TI_zero_init                
00000863  __aeabi_memclr                
00000863  __aeabi_memclr4               
00000863  __aeabi_memclr8               
0000063d  __aeabi_memcpy                
0000063d  __aeabi_memcpy4               
0000063d  __aeabi_memcpy8               
00000865  __aeabi_memset                
00000865  __aeabi_memset4               
00000865  __aeabi_memset8               
ffffffff  __binit__                     
ffffffff  __c_args__                    
UNDEFED   __mpu_init                    
20000660  __stack                       
00000c3d  _c_int00_noargs               
UNDEFED   _system_post_cinit            
00000dd5  _system_pre_init              
00000dd9  abort                         
0000026d  adc0_ss3_handler              
ffffffff  binit                         
20000860  buffer_pointer                
00000000  g_pfnVectors                  
0000059d  main                          
0000063d  memcpy                        
0000086b  memset                        
00000b69  uDMAChannelAttributeDisable   
00000bb1  uDMAChannelAttributeEnable    
00000cf5  uDMAChannelControlSet         
00000d19  uDMAChannelEnable             
00000ca9  uDMAChannelModeGet            
00000765  uDMAChannelTransferSet        
00000db5  uDMAControlBaseSet            
00000d55  uDMAEnable                    
20000658  ui32Period                    


GLOBAL SYMBOLS: SORTED BY Symbol Address 

address   name                          
-------   ----                          
00000000  __TI_static_base__            
00000000  g_pfnVectors                  
00000200  __STACK_SIZE                  
0000026d  adc0_ss3_handler              
00000399  SysCtlClockGet                
000004a9  SysCtlClockSet                
0000059d  main                          
0000063d  __aeabi_memcpy                
0000063d  __aeabi_memcpy4               
0000063d  __aeabi_memcpy8               
0000063d  memcpy                        
000006d9  Configure_DMA                 
00000765  uDMAChannelTransferSet        
000007e9  ADCSequenceStepConfigure      
00000863  __aeabi_memclr                
00000863  __aeabi_memclr4               
00000863  __aeabi_memclr8               
00000865  __aeabi_memset                
00000865  __aeabi_memset4               
00000865  __aeabi_memset8               
0000086b  memset                        
000008dd  IntEnable                     
00000945  __TI_decompress_lzss          
000009ad  Configure_ADC                 
00000a11  TimerConfigure                
00000a71  TimerControlTrigger           
00000ac9  ADCSequenceConfigure          
00000b19  ConfigureTimer                
00000b69  uDMAChannelAttributeDisable   
00000bb1  uDMAChannelAttributeEnable    
00000bf9  __TI_auto_init_nobinit_nopinit
00000c3d  _c_int00_noargs               
00000c75  SysCtlPeripheralEnable        
00000ca9  uDMAChannelModeGet            
00000cd1  IntPrioritySet                
00000cf5  uDMAChannelControlSet         
00000d19  uDMAChannelEnable             
00000d31  TimerLoadSet                  
00000d43  IntMasterEnable               
00000d55  uDMAEnable                    
00000d65  ADCSequenceDisable            
00000d73  ADCSequenceEnable             
00000d81  TimerEnable                   
00000d8f  __TI_decompress_none          
00000d9d  CPUcpsie                      
00000da9  __TI_zero_init                
00000db5  uDMAControlBaseSet            
00000dc1  ADCIntEnableEx                
00000dc9  ResetISR                      
00000dcf  SysCtlDelay                   
00000dd5  _system_pre_init              
00000dd9  C$$EXIT                       
00000dd9  abort                         
00000f64  __TI_Handler_Table_Base       
00000f70  __TI_Handler_Table_Limit      
00000f78  __TI_CINIT_Base               
00000f88  __TI_CINIT_Limit              
20000000  ControlTable                  
20000658  ui32Period                    
20000660  __stack                       
20000860  __STACK_END                   
20000860  __STACK_TOP                   
20000860  buffer_pointer                
ffffffff  __TI_pprof_out_hndl           
ffffffff  __TI_prof_data_size           
ffffffff  __TI_prof_data_start          
ffffffff  __binit__                     
ffffffff  __c_args__                    
ffffffff  binit                         
UNDEFED   __mpu_init                    
UNDEFED   _system_post_cinit            

[71 symbols]
