******************************************************************************
                  TI ARM Linker Unix v18.1.1                   
******************************************************************************
>> Linked Tue Nov 27 19:04:12 2018

OUTPUT FILE NAME:   <adc_dma.out>
ENTRY POINT SYMBOL: "_c_int00_noargs"  address: 00000be9


MEMORY CONFIGURATION

         name            origin    length      used     unused   attr    fill
----------------------  --------  ---------  --------  --------  ----  --------
  FLASH                 00000000   00040000  00000f96  0003f06a  R  X
  SRAM                  20000000   00008000  0000087c  00007784  RW X


SEGMENT ALLOCATION MAP

run origin  load origin   length   init length attrs members
----------  ----------- ---------- ----------- ----- -------
00000000    00000000    00000f98   00000f98    r-x
  00000000    00000000    0000026c   0000026c    r-- .intvecs
  0000026c    0000026c    00000b82   00000b82    r-x .text
  00000df0    00000df0    00000178   00000178    r-- .const
  00000f68    00000f68    00000030   00000030    r-- .cinit
20000000    20000000    00000880   00000000    rw-
  20000000    20000000    0000065c   00000000    rw- .bss
  20000660    20000660    00000200   00000000    rw- .stack
  20000860    20000860    00000020   00000000    rw- .data


SECTION ALLOCATION MAP

 output                                  attributes/
section   page    origin      length       input sections
--------  ----  ----------  ----------   ----------------
.intvecs   0    00000000    0000026c     
                  00000000    0000026c     startup_ccs.obj (.intvecs)

.text      0    0000026c    00000b82     
                  0000026c    0000012c     adc_dma.obj (.text:adc0_ss3_handler)
                  00000398    00000110     driverlib.lib : sysctl.obj (.text:SysCtlClockGet)
                  000004a8    000000f4                   : sysctl.obj (.text:SysCtlClockSet)
                  0000059c    000000a0     adc_dma.obj (.text:main)
                  0000063c    0000009c     rtsv7M4_T_le_v4SPD16_eabi.lib : memcpy_t2.asm.obj (.text)
                  000006d8    0000008c     adc_dma.obj (.text:DMA_Init)
                  00000764    00000084     driverlib.lib : udma.obj (.text:uDMAChannelTransferSet)
                  000007e8    0000007a                   : adc.obj (.text:ADCSequenceStepConfigure)
                  00000862    0000007a     rtsv7M4_T_le_v4SPD16_eabi.lib : memset_t2.asm.obj (.text)
                  000008dc    00000068     driverlib.lib : interrupt.obj (.text:IntEnable)
                  00000944    00000068     rtsv7M4_T_le_v4SPD16_eabi.lib : copy_decompress_lzss.c.obj (.text:decompress:lzss:__TI_decompress_lzss)
                  000009ac    00000064     adc_dma.obj (.text:ADC0_Init)
                  00000a10    00000060     driverlib.lib : timer.obj (.text:TimerConfigure)
                  00000a70    00000054     adc_dma.obj (.text:ConfigureTimer)
                  00000ac4    00000050     driverlib.lib : adc.obj (.text:ADCSequenceConfigure)
                  00000b14    00000048                   : udma.obj (.text:uDMAChannelAttributeDisable)
                  00000b5c    00000048                   : udma.obj (.text:uDMAChannelAttributeEnable)
                  00000ba4    00000044     rtsv7M4_T_le_v4SPD16_eabi.lib : autoinit.c.obj (.text:__TI_auto_init_nobinit_nopinit:__TI_auto_init_nobinit_nopinit)
                  00000be8    00000038                                   : boot_cortex_m.c.obj (.text:_c_int00_noargs:_c_int00_noargs)
                  00000c20    00000034     driverlib.lib : sysctl.obj (.text:SysCtlPeripheralEnable)
                  00000c54    00000034     adc_dma.obj (.text:Timer0IntHandler)
                  00000c88    00000028     driverlib.lib : udma.obj (.text:uDMAChannelModeGet)
                  00000cb0    00000024                   : interrupt.obj (.text:IntPrioritySet)
                  00000cd4    00000024                   : udma.obj (.text:uDMAChannelControlSet)
                  00000cf8    00000018                   : adc.obj (.text:ADCProcessorTrigger)
                  00000d10    00000018                   : udma.obj (.text:uDMAChannelEnable)
                  00000d28    00000012                   : timer.obj (.text:TimerLoadSet)
                  00000d3a    00000010                   : interrupt.obj (.text:IntMasterEnable)
                  00000d4a    00000002     startup_ccs.obj (.text:FaultISR)
                  00000d4c    00000010     driverlib.lib : udma.obj (.text:uDMAEnable)
                  00000d5c    0000000e                   : adc.obj (.text:ADCSequenceDisable)
                  00000d6a    0000000e                   : adc.obj (.text:ADCSequenceEnable)
                  00000d78    0000000e                   : timer.obj (.text:TimerEnable)
                  00000d86    0000000e     rtsv7M4_T_le_v4SPD16_eabi.lib : copy_decompress_none.c.obj (.text:decompress:none:__TI_decompress_none)
                  00000d94    0000000c     driverlib.lib : cpu.obj (.text:CPUcpsie)
                  00000da0    0000000c     rtsv7M4_T_le_v4SPD16_eabi.lib : copy_zero_init.c.obj (.text:decompress:ZI:__TI_zero_init)
                  00000dac    0000000c     driverlib.lib : udma.obj (.text:uDMAControlBaseSet)
                  00000db8    0000000a                   : adc.obj (.text:ADCIntClear)
                  00000dc2    00000008                   : adc.obj (.text:ADCIntEnableEx)
                  00000dca    00000008                   : timer.obj (.text:TimerIntEnable)
                  00000dd2    00000006     startup_ccs.obj (.text:ResetISR)
                  00000dd8    00000006     driverlib.lib : sysctl.obj (.text:SysCtlDelay)
                  00000dde    00000004                   : timer.obj (.text:TimerIntClear)
                  00000de2    00000004     rtsv7M4_T_le_v4SPD16_eabi.lib : pre_init.c.obj (.text:_system_pre_init)
                  00000de6    00000004                                   : exit.c.obj (.text:abort:abort)
                  00000dea    00000002     startup_ccs.obj (.text:IntDefaultHandler)
                  00000dec    00000002     startup_ccs.obj (.text:NmiSR)

.const     0    00000df0    00000178     
                  00000df0    0000009c     driverlib.lib : interrupt.obj (.const:g_pui32Regs)
                  00000e8c    00000070                   : interrupt.obj (.const)
                  00000efc    0000006c                   : sysctl.obj (.const:g_pui32Xtals)

.cinit     0    00000f68    00000030     
                  00000f68    0000000c     (.cinit..data.load) [load image, compression = lzss]
                  00000f74    0000000c     (__TI_handler_table)
                  00000f80    00000008     (.cinit..bss.load) [load image, compression = zero_init]
                  00000f88    00000010     (__TI_cinit_table)

.init_array 
*          0    00000000    00000000     UNINITIALIZED

.bss       0    20000000    0000065c     UNINITIALIZED
                  20000000    00000400     (.common:ui8ControlTable)
                  20000400    000000c8     adc_dma.obj (.bss:buffer_1)
                  200004c8    000000c8     adc_dma.obj (.bss:buffer_2)
                  20000590    000000c8     adc_dma.obj (.bss:buffer_3)
                  20000658    00000004     (.common:ui32Period)

.data      0    20000860    00000020     UNINITIALIZED
                  20000860    00000020     adc_dma.obj (.data)

.stack     0    20000660    00000200     UNINITIALIZED
                  20000660    00000004     rtsv7M4_T_le_v4SPD16_eabi.lib : boot_cortex_m.c.obj (.stack)
                  20000664    000001fc     --HOLE--

MODULE SUMMARY

       Module                       code   ro data   rw data
       ------                       ----   -------   -------
    ./
       adc_dma.obj                  836    0         1660   
       startup_ccs.obj              12     620       0      
    +--+----------------------------+------+---------+---------+
       Total:                       848    620       1660   
                                                            
    /Applications/ti/ccsv8/tools/compiler/ti-cgt-arm_18.1.1.LTS/lib/rtsv7M4_T_le_v4SPD16_eabi.lib
       memcpy_t2.asm.obj            156    0         0      
       memset_t2.asm.obj            122    0         0      
       copy_decompress_lzss.c.obj   104    0         0      
       autoinit.c.obj               68     0         0      
       boot_cortex_m.c.obj          56     0         0      
       copy_decompress_none.c.obj   14     0         0      
       copy_zero_init.c.obj         12     0         0      
       exit.c.obj                   4      0         0      
       pre_init.c.obj               4      0         0      
    +--+----------------------------+------+---------+---------+
       Total:                       540    0         0      
                                                            
    /Users/rohan/ti/tivaware_c_series_2_1_4_178/driverlib/ccs/Debug/driverlib.lib
       sysctl.obj                   574    108       0      
       interrupt.obj                156    268       0      
       udma.obj                     404    0         0      
       adc.obj                      272    0         0      
       timer.obj                    140    0         0      
       cpu.obj                      12     0         0      
    +--+----------------------------+------+---------+---------+
       Total:                       1558   376       0      
                                                            
       Stack:                       0      0         512    
       Linker Generated:            0      48        0      
    +--+----------------------------+------+---------+---------+
       Grand Total:                 2946   1044      2172   


LINKER GENERATED COPY TABLES

__TI_cinit_table @ 00000f88 records: 2, size/record: 8, table size: 16
	.data: load addr=00000f68, load size=0000000c bytes, run addr=20000860, run size=00000020 bytes, compression=lzss
	.bss: load addr=00000f80, load size=00000008 bytes, run addr=20000000, run size=0000065c bytes, compression=zero_init


LINKER GENERATED HANDLER TABLE

__TI_handler_table @ 00000f74 records: 3, size/record: 4, table size: 12
	index: 0, handler: __TI_decompress_lzss
	index: 1, handler: __TI_decompress_none
	index: 2, handler: __TI_zero_init


GLOBAL SYMBOLS: SORTED ALPHABETICALLY BY Name 

address   name                          
-------   ----                          
000009ad  ADC0_Init                     
00000db9  ADCIntClear                   
00000dc3  ADCIntEnableEx                
00000cf9  ADCProcessorTrigger           
00000ac5  ADCSequenceConfigure          
00000d5d  ADCSequenceDisable            
00000d6b  ADCSequenceEnable             
000007e9  ADCSequenceStepConfigure      
00000de7  C$$EXIT                       
00000d95  CPUcpsie                      
00000a71  ConfigureTimer                
000006d9  DMA_Init                      
000008dd  IntEnable                     
00000d3b  IntMasterEnable               
00000cb1  IntPrioritySet                
00000dd3  ResetISR                      
00000399  SysCtlClockGet                
000004a9  SysCtlClockSet                
00000dd9  SysCtlDelay                   
00000c21  SysCtlPeripheralEnable        
00000c55  Timer0IntHandler              
00000a11  TimerConfigure                
00000d79  TimerEnable                   
00000ddf  TimerIntClear                 
00000dcb  TimerIntEnable                
00000d29  TimerLoadSet                  
20000860  __STACK_END                   
00000200  __STACK_SIZE                  
20000860  __STACK_TOP                   
00000f88  __TI_CINIT_Base               
00000f98  __TI_CINIT_Limit              
00000f74  __TI_Handler_Table_Base       
00000f80  __TI_Handler_Table_Limit      
00000ba5  __TI_auto_init_nobinit_nopinit
00000945  __TI_decompress_lzss          
00000d87  __TI_decompress_none          
ffffffff  __TI_pprof_out_hndl           
ffffffff  __TI_prof_data_size           
ffffffff  __TI_prof_data_start          
00000000  __TI_static_base__            
00000da1  __TI_zero_init                
00000863  __aeabi_memclr                
00000863  __aeabi_memclr4               
00000863  __aeabi_memclr8               
0000063d  __aeabi_memcpy                
0000063d  __aeabi_memcpy4               
0000063d  __aeabi_memcpy8               
00000865  __aeabi_memset                
00000865  __aeabi_memset4               
00000865  __aeabi_memset8               
ffffffff  __binit__                     
ffffffff  __c_args__                    
UNDEFED   __mpu_init                    
20000660  __stack                       
00000be9  _c_int00_noargs               
UNDEFED   _system_post_cinit            
00000de3  _system_pre_init              
00000de7  abort                         
0000026d  adc0_ss3_handler              
ffffffff  binit                         
20000860  buffer_pointer                
00000000  g_pfnVectors                  
0000059d  main                          
0000063d  memcpy                        
0000086b  memset                        
00000b15  uDMAChannelAttributeDisable   
00000b5d  uDMAChannelAttributeEnable    
00000cd5  uDMAChannelControlSet         
00000d11  uDMAChannelEnable             
00000c89  uDMAChannelModeGet            
00000765  uDMAChannelTransferSet        
00000dad  uDMAControlBaseSet            
00000d4d  uDMAEnable                    
20000658  ui32Period                    
20000000  ui8ControlTable               


GLOBAL SYMBOLS: SORTED BY Symbol Address 

address   name                          
-------   ----                          
00000000  __TI_static_base__            
00000000  g_pfnVectors                  
00000200  __STACK_SIZE                  
0000026d  adc0_ss3_handler              
00000399  SysCtlClockGet                
000004a9  SysCtlClockSet                
0000059d  main                          
0000063d  __aeabi_memcpy                
0000063d  __aeabi_memcpy4               
0000063d  __aeabi_memcpy8               
0000063d  memcpy                        
000006d9  DMA_Init                      
00000765  uDMAChannelTransferSet        
000007e9  ADCSequenceStepConfigure      
00000863  __aeabi_memclr                
00000863  __aeabi_memclr4               
00000863  __aeabi_memclr8               
00000865  __aeabi_memset                
00000865  __aeabi_memset4               
00000865  __aeabi_memset8               
0000086b  memset                        
000008dd  IntEnable                     
00000945  __TI_decompress_lzss          
000009ad  ADC0_Init                     
00000a11  TimerConfigure                
00000a71  ConfigureTimer                
00000ac5  ADCSequenceConfigure          
00000b15  uDMAChannelAttributeDisable   
00000b5d  uDMAChannelAttributeEnable    
00000ba5  __TI_auto_init_nobinit_nopinit
00000be9  _c_int00_noargs               
00000c21  SysCtlPeripheralEnable        
00000c55  Timer0IntHandler              
00000c89  uDMAChannelModeGet            
00000cb1  IntPrioritySet                
00000cd5  uDMAChannelControlSet         
00000cf9  ADCProcessorTrigger           
00000d11  uDMAChannelEnable             
00000d29  TimerLoadSet                  
00000d3b  IntMasterEnable               
00000d4d  uDMAEnable                    
00000d5d  ADCSequenceDisable            
00000d6b  ADCSequenceEnable             
00000d79  TimerEnable                   
00000d87  __TI_decompress_none          
00000d95  CPUcpsie                      
00000da1  __TI_zero_init                
00000dad  uDMAControlBaseSet            
00000db9  ADCIntClear                   
00000dc3  ADCIntEnableEx                
00000dcb  TimerIntEnable                
00000dd3  ResetISR                      
00000dd9  SysCtlDelay                   
00000ddf  TimerIntClear                 
00000de3  _system_pre_init              
00000de7  C$$EXIT                       
00000de7  abort                         
00000f74  __TI_Handler_Table_Base       
00000f80  __TI_Handler_Table_Limit      
00000f88  __TI_CINIT_Base               
00000f98  __TI_CINIT_Limit              
20000000  ui8ControlTable               
20000658  ui32Period                    
20000660  __stack                       
20000860  __STACK_END                   
20000860  __STACK_TOP                   
20000860  buffer_pointer                
ffffffff  __TI_pprof_out_hndl           
ffffffff  __TI_prof_data_size           
ffffffff  __TI_prof_data_start          
ffffffff  __binit__                     
ffffffff  __c_args__                    
ffffffff  binit                         
UNDEFED   __mpu_init                    
UNDEFED   _system_post_cinit            

[75 symbols]
