******************************************************************************
                  TI ARM Linker Unix v18.1.1                   
******************************************************************************
>> Linked Fri Nov 30 11:02:20 2018

OUTPUT FILE NAME:   <adc_dma.out>
ENTRY POINT SYMBOL: "_c_int00_noargs"  address: 00000d21


MEMORY CONFIGURATION

         name            origin    length      used     unused   attr    fill
----------------------  --------  ---------  --------  --------  ----  --------
  FLASH                 00000000   00040000  000010f2  0003ef0e  R  X
  SRAM                  20000000   00008000  0000086c  00007794  RW X


SEGMENT ALLOCATION MAP

run origin  load origin   length   init length attrs members
----------  ----------- ---------- ----------- ----- -------
00000000    00000000    000010f8   000010f8    r-x
  00000000    00000000    0000026c   0000026c    r-- .intvecs
  0000026c    0000026c    00000cde   00000cde    r-x .text
  00000f4c    00000f4c    00000178   00000178    r-- .const
  000010c8    000010c8    00000030   00000030    r-- .cinit
20000000    20000000    00000870   00000000    rw-
  20000000    20000000    0000065c   00000000    rw- .bss
  20000660    20000660    00000200   00000000    rw- .stack
  20000860    20000860    00000010   00000000    rw- .data


SECTION ALLOCATION MAP

 output                                  attributes/
section   page    origin      length       input sections
--------  ----  ----------  ----------   ----------------
.intvecs   0    00000000    0000026c     
                  00000000    0000026c     startup_ccs.obj (.intvecs)

.text      0    0000026c    00000cde     
                  0000026c    00000144     adc_dma.obj (.text:adc0_ss3_handler)
                  000003b0    00000132     driverlib.lib : gpio.obj (.text:GPIOPadConfigSet)
                  000004e2    00000002     startup_ccs.obj (.text:FaultISR)
                  000004e4    00000110     driverlib.lib : sysctl.obj (.text:SysCtlClockGet)
                  000005f4    000000f4                   : sysctl.obj (.text:SysCtlClockSet)
                  000006e8    0000009c     rtsv7M4_T_le_v4SPD16_eabi.lib : memcpy_t2.asm.obj (.text)
                  00000784    0000008c     adc_dma.obj (.text:Configure_DMA)
                  00000810    00000084     driverlib.lib : udma.obj (.text:uDMAChannelTransferSet)
                  00000894    0000007a                   : adc.obj (.text:ADCSequenceStepConfigure)
                  0000090e    0000007a     rtsv7M4_T_le_v4SPD16_eabi.lib : memset_t2.asm.obj (.text)
                  00000988    00000068     driverlib.lib : interrupt.obj (.text:IntEnable)
                  000009f0    00000068     rtsv7M4_T_le_v4SPD16_eabi.lib : copy_decompress_lzss.c.obj (.text:decompress:lzss:__TI_decompress_lzss)
                  00000a58    00000064     adc_dma.obj (.text:Configure_ADC)
                  00000abc    00000060     driverlib.lib : timer.obj (.text:TimerConfigure)
                  00000b1c    00000058                   : timer.obj (.text:TimerControlTrigger)
                  00000b74    00000050                   : adc.obj (.text:ADCSequenceConfigure)
                  00000bc4    00000050     adc_dma.obj (.text:ConfigureTimer)
                  00000c14    00000048     driverlib.lib : udma.obj (.text:uDMAChannelAttributeDisable)
                  00000c5c    00000048                   : udma.obj (.text:uDMAChannelAttributeEnable)
                  00000ca4    00000044     rtsv7M4_T_le_v4SPD16_eabi.lib : autoinit.c.obj (.text:__TI_auto_init_nobinit_nopinit:__TI_auto_init_nobinit_nopinit)
                  00000ce8    00000038     driverlib.lib : sysctl.obj (.text:SysCtlPeripheralReady)
                  00000d20    00000038     rtsv7M4_T_le_v4SPD16_eabi.lib : boot_cortex_m.c.obj (.text:_c_int00_noargs:_c_int00_noargs)
                  00000d58    00000034     driverlib.lib : sysctl.obj (.text:SysCtlPeripheralEnable)
                  00000d8c    0000002a                   : gpio.obj (.text:GPIODirModeSet)
                  00000db6    00000002     startup_ccs.obj (.text:IntDefaultHandler)
                  00000db8    00000028     adc_dma.obj (.text:Configure_GPIO)
                  00000de0    00000028     driverlib.lib : udma.obj (.text:uDMAChannelModeGet)
                  00000e08    00000024                   : interrupt.obj (.text:IntPrioritySet)
                  00000e2c    00000024                   : udma.obj (.text:uDMAChannelControlSet)
                  00000e50    00000018                   : gpio.obj (.text:GPIOPinTypeGPIOOutput)
                  00000e68    00000018     adc_dma.obj (.text:main)
                  00000e80    00000018     driverlib.lib : udma.obj (.text:uDMAChannelEnable)
                  00000e98    00000012                   : timer.obj (.text:TimerLoadSet)
                  00000eaa    00000010                   : interrupt.obj (.text:IntMasterEnable)
                  00000eba    00000002     startup_ccs.obj (.text:NmiSR)
                  00000ebc    00000010     driverlib.lib : udma.obj (.text:uDMAEnable)
                  00000ecc    0000000e                   : adc.obj (.text:ADCSequenceDisable)
                  00000eda    0000000e                   : adc.obj (.text:ADCSequenceEnable)
                  00000ee8    0000000e                   : timer.obj (.text:TimerEnable)
                  00000ef6    0000000e     rtsv7M4_T_le_v4SPD16_eabi.lib : copy_decompress_none.c.obj (.text:decompress:none:__TI_decompress_none)
                  00000f04    0000000c     driverlib.lib : cpu.obj (.text:CPUcpsie)
                  00000f10    0000000c     rtsv7M4_T_le_v4SPD16_eabi.lib : copy_zero_init.c.obj (.text:decompress:ZI:__TI_zero_init)
                  00000f1c    0000000c     driverlib.lib : udma.obj (.text:uDMAControlBaseSet)
                  00000f28    00000008                   : adc.obj (.text:ADCIntEnableEx)
                  00000f30    00000006                   : gpio.obj (.text:GPIOPinWrite)
                  00000f36    00000006     startup_ccs.obj (.text:ResetISR)
                  00000f3c    00000006     driverlib.lib : sysctl.obj (.text:SysCtlDelay)
                  00000f42    00000004     rtsv7M4_T_le_v4SPD16_eabi.lib : pre_init.c.obj (.text:_system_pre_init)
                  00000f46    00000004                                   : exit.c.obj (.text:abort:abort)

.const     0    00000f4c    00000178     
                  00000f4c    0000009c     driverlib.lib : interrupt.obj (.const:g_pui32Regs)
                  00000fe8    00000070                   : interrupt.obj (.const)
                  00001058    0000006c                   : sysctl.obj (.const:g_pui32Xtals)

.cinit     0    000010c8    00000030     
                  000010c8    0000000c     (__TI_handler_table)
                  000010d4    0000000b     (.cinit..data.load) [load image, compression = lzss]
                  000010df    00000001     --HOLE-- [fill = 0]
                  000010e0    00000008     (.cinit..bss.load) [load image, compression = zero_init]
                  000010e8    00000010     (__TI_cinit_table)

.init_array 
*          0    00000000    00000000     UNINITIALIZED

.bss       0    20000000    0000065c     UNINITIALIZED
                  20000000    00000400     (.common:ControlTable)
                  20000400    000000c8     adc_dma.obj (.bss:buffer_1)
                  200004c8    000000c8     adc_dma.obj (.bss:buffer_2)
                  20000590    000000c8     adc_dma.obj (.bss:buffer_3)
                  20000658    00000004     (.common:ui32Period)

.data      0    20000860    00000010     UNINITIALIZED
                  20000860    00000010     adc_dma.obj (.data)

.stack     0    20000660    00000200     UNINITIALIZED
                  20000660    00000004     rtsv7M4_T_le_v4SPD16_eabi.lib : boot_cortex_m.c.obj (.stack)
                  20000664    000001fc     --HOLE--

MODULE SUMMARY

       Module                       code   ro data   rw data
       ------                       ----   -------   -------
    ./
       adc_dma.obj                  708    0         1644   
       startup_ccs.obj              12     620       0      
    +--+----------------------------+------+---------+---------+
       Total:                       720    620       1644   
                                                            
    /Applications/ti/ccsv8/tools/compiler/ti-cgt-arm_18.1.1.LTS/lib/rtsv7M4_T_le_v4SPD16_eabi.lib
       memcpy_t2.asm.obj            156    0         0      
       memset_t2.asm.obj            122    0         0      
       copy_decompress_lzss.c.obj   104    0         0      
       autoinit.c.obj               68     0         0      
       boot_cortex_m.c.obj          56     0         0      
       copy_decompress_none.c.obj   14     0         0      
       copy_zero_init.c.obj         12     0         0      
       exit.c.obj                   4      0         0      
       pre_init.c.obj               4      0         0      
    +--+----------------------------+------+---------+---------+
       Total:                       540    0         0      
                                                            
    /Users/rohan/ti/tivaware_c_series_2_1_4_178/driverlib/ccs/Debug/driverlib.lib
       sysctl.obj                   630    108       0      
       interrupt.obj                156    268       0      
       udma.obj                     404    0         0      
       gpio.obj                     378    0         0      
       adc.obj                      238    0         0      
       timer.obj                    216    0         0      
       cpu.obj                      12     0         0      
    +--+----------------------------+------+---------+---------+
       Total:                       2034   376       0      
                                                            
       Stack:                       0      0         512    
       Linker Generated:            0      47        0      
    +--+----------------------------+------+---------+---------+
       Grand Total:                 3294   1043      2156   


LINKER GENERATED COPY TABLES

__TI_cinit_table @ 000010e8 records: 2, size/record: 8, table size: 16
	.data: load addr=000010d4, load size=0000000b bytes, run addr=20000860, run size=00000010 bytes, compression=lzss
	.bss: load addr=000010e0, load size=00000008 bytes, run addr=20000000, run size=0000065c bytes, compression=zero_init


LINKER GENERATED HANDLER TABLE

__TI_handler_table @ 000010c8 records: 3, size/record: 4, table size: 12
	index: 0, handler: __TI_decompress_lzss
	index: 1, handler: __TI_decompress_none
	index: 2, handler: __TI_zero_init


GLOBAL SYMBOLS: SORTED ALPHABETICALLY BY Name 

address   name                          
-------   ----                          
00000f29  ADCIntEnableEx                
00000b75  ADCSequenceConfigure          
00000ecd  ADCSequenceDisable            
00000edb  ADCSequenceEnable             
00000895  ADCSequenceStepConfigure      
00000f47  C$$EXIT                       
00000f05  CPUcpsie                      
00000bc5  ConfigureTimer                
00000a59  Configure_ADC                 
00000785  Configure_DMA                 
00000db9  Configure_GPIO                
20000000  ControlTable                  
00000d8d  GPIODirModeSet                
000003b1  GPIOPadConfigSet              
00000e51  GPIOPinTypeGPIOOutput         
00000f31  GPIOPinWrite                  
00000989  IntEnable                     
00000eab  IntMasterEnable               
00000e09  IntPrioritySet                
00000f37  ResetISR                      
000004e5  SysCtlClockGet                
000005f5  SysCtlClockSet                
00000f3d  SysCtlDelay                   
00000d59  SysCtlPeripheralEnable        
00000ce9  SysCtlPeripheralReady         
00000abd  TimerConfigure                
00000b1d  TimerControlTrigger           
00000ee9  TimerEnable                   
00000e99  TimerLoadSet                  
20000860  __STACK_END                   
00000200  __STACK_SIZE                  
20000860  __STACK_TOP                   
000010e8  __TI_CINIT_Base               
000010f8  __TI_CINIT_Limit              
000010c8  __TI_Handler_Table_Base       
000010d4  __TI_Handler_Table_Limit      
00000ca5  __TI_auto_init_nobinit_nopinit
000009f1  __TI_decompress_lzss          
00000ef7  __TI_decompress_none          
ffffffff  __TI_pprof_out_hndl           
ffffffff  __TI_prof_data_size           
ffffffff  __TI_prof_data_start          
00000000  __TI_static_base__            
00000f11  __TI_zero_init                
0000090f  __aeabi_memclr                
0000090f  __aeabi_memclr4               
0000090f  __aeabi_memclr8               
000006e9  __aeabi_memcpy                
000006e9  __aeabi_memcpy4               
000006e9  __aeabi_memcpy8               
00000911  __aeabi_memset                
00000911  __aeabi_memset4               
00000911  __aeabi_memset8               
ffffffff  __binit__                     
ffffffff  __c_args__                    
UNDEFED   __mpu_init                    
20000660  __stack                       
00000d21  _c_int00_noargs               
UNDEFED   _system_post_cinit            
00000f43  _system_pre_init              
00000f47  abort                         
0000026d  adc0_ss3_handler              
ffffffff  binit                         
20000860  buffer_pointer                
00000000  g_pfnVectors                  
00000e69  main                          
000006e9  memcpy                        
00000917  memset                        
00000c15  uDMAChannelAttributeDisable   
00000c5d  uDMAChannelAttributeEnable    
00000e2d  uDMAChannelControlSet         
00000e81  uDMAChannelEnable             
00000de1  uDMAChannelModeGet            
00000811  uDMAChannelTransferSet        
00000f1d  uDMAControlBaseSet            
00000ebd  uDMAEnable                    
20000658  ui32Period                    


GLOBAL SYMBOLS: SORTED BY Symbol Address 

address   name                          
-------   ----                          
00000000  __TI_static_base__            
00000000  g_pfnVectors                  
00000200  __STACK_SIZE                  
0000026d  adc0_ss3_handler              
000003b1  GPIOPadConfigSet              
000004e5  SysCtlClockGet                
000005f5  SysCtlClockSet                
000006e9  __aeabi_memcpy                
000006e9  __aeabi_memcpy4               
000006e9  __aeabi_memcpy8               
000006e9  memcpy                        
00000785  Configure_DMA                 
00000811  uDMAChannelTransferSet        
00000895  ADCSequenceStepConfigure      
0000090f  __aeabi_memclr                
0000090f  __aeabi_memclr4               
0000090f  __aeabi_memclr8               
00000911  __aeabi_memset                
00000911  __aeabi_memset4               
00000911  __aeabi_memset8               
00000917  memset                        
00000989  IntEnable                     
000009f1  __TI_decompress_lzss          
00000a59  Configure_ADC                 
00000abd  TimerConfigure                
00000b1d  TimerControlTrigger           
00000b75  ADCSequenceConfigure          
00000bc5  ConfigureTimer                
00000c15  uDMAChannelAttributeDisable   
00000c5d  uDMAChannelAttributeEnable    
00000ca5  __TI_auto_init_nobinit_nopinit
00000ce9  SysCtlPeripheralReady         
00000d21  _c_int00_noargs               
00000d59  SysCtlPeripheralEnable        
00000d8d  GPIODirModeSet                
00000db9  Configure_GPIO                
00000de1  uDMAChannelModeGet            
00000e09  IntPrioritySet                
00000e2d  uDMAChannelControlSet         
00000e51  GPIOPinTypeGPIOOutput         
00000e69  main                          
00000e81  uDMAChannelEnable             
00000e99  TimerLoadSet                  
00000eab  IntMasterEnable               
00000ebd  uDMAEnable                    
00000ecd  ADCSequenceDisable            
00000edb  ADCSequenceEnable             
00000ee9  TimerEnable                   
00000ef7  __TI_decompress_none          
00000f05  CPUcpsie                      
00000f11  __TI_zero_init                
00000f1d  uDMAControlBaseSet            
00000f29  ADCIntEnableEx                
00000f31  GPIOPinWrite                  
00000f37  ResetISR                      
00000f3d  SysCtlDelay                   
00000f43  _system_pre_init              
00000f47  C$$EXIT                       
00000f47  abort                         
000010c8  __TI_Handler_Table_Base       
000010d4  __TI_Handler_Table_Limit      
000010e8  __TI_CINIT_Base               
000010f8  __TI_CINIT_Limit              
20000000  ControlTable                  
20000658  ui32Period                    
20000660  __stack                       
20000860  __STACK_END                   
20000860  __STACK_TOP                   
20000860  buffer_pointer                
ffffffff  __TI_pprof_out_hndl           
ffffffff  __TI_prof_data_size           
ffffffff  __TI_prof_data_start          
ffffffff  __binit__                     
ffffffff  __c_args__                    
ffffffff  binit                         
UNDEFED   __mpu_init                    
UNDEFED   _system_post_cinit            

[77 symbols]
